// Jest Snapshot v1, https://goo.gl/fbAQLP

exports[`Snapshot testing the BlogPost renders correctly 1`] = `
<article
  className="sc-AykKD kRTVwG"
>
  <a
    href="slug"
    style={
      Object {
        "boxShadow": "none",
      }
    }
  >
    <div
      className="sc-AykKC dejEKn"
    >
      <img
        alt="description"
        src="image"
      />
    </div>
    <div
      className="sc-AykKE DxDpd"
    >
      <header>
        <h3>
          title
        </h3>
        <small>
          date
        </small>
      </header>
      <section>
        <p
          dangerouslySetInnerHTML={
            Object {
              "__html": "description",
            }
          }
        />
      </section>
    </div>
  </a>
</article>
`;
